warning[duplicate]: found 2 duplicate entries for crate 'cpufeatures'
   ┌─ C:\Users\csn19\AppData\Local\Temp\forge-c03-correction-5e4fd5d/Cargo.lock:20:1
   │
20 │ ╭ cpufeatures 0.2.17 registry+https://github.com/rust-lang/crates.io-index
21 │ │ cpufeatures 0.3.1 registry+https://github.com/rust-lang/crates.io-index
   │ ╰───────────────────────────────────────────────────────────────────────┘ lock entries
   │
   ├ cpufeatures v0.2.17
     └── sha2 v0.10.9
         └── sqlx-core v0.9.0
             ├── sqlx v0.9.0
             │   └── forge-state v0.1.0
             │       └── forge-kernel v0.1.0
             │           └── forge-cli v0.1.0
             └── sqlx-sqlite v0.9.0
                 └── sqlx v0.9.0 (*)
   ├ cpufeatures v0.3.1
     └── blake3 v1.8.7
         ├── forge-cli v0.1.0
         ├── forge-contracts v0.1.0
         │   ├── forge-cli v0.1.0 (*)
         │   └── forge-kernel v0.1.0
         │       └── forge-cli v0.1.0 (*)
         ├── forge-kernel v0.1.0 (*)
         └── forge-state v0.1.0
             └── forge-kernel v0.1.0 (*)

warning[duplicate]: found 2 duplicate entries for crate 'hashbrown'
   ┌─ C:\Users\csn19\AppData\Local\Temp\forge-c03-correction-5e4fd5d/Cargo.lock:59:1
   │
59 │ ╭ hashbrown 0.16.1 registry+https://github.com/rust-lang/crates.io-index
60 │ │ hashbrown 0.17.1 registry+https://github.com/rust-lang/crates.io-index
   │ ╰──────────────────────────────────────────────────────────────────────┘ lock entries
   │
   ├ hashbrown v0.16.1
     ├── hashlink v0.11.1
     │   └── sqlx-core v0.9.0
     │       ├── sqlx v0.9.0
     │       │   └── forge-state v0.1.0
     │       │       └── forge-kernel v0.1.0
     │       │           └── forge-cli v0.1.0
     │       └── sqlx-sqlite v0.9.0
     │           └── sqlx v0.9.0 (*)
     └── sqlx-core v0.9.0 (*)
   ├ hashbrown v0.17.1
     ├── indexmap v2.14.2
     │   └── sqlx-core v0.9.0
     │       ├── sqlx v0.9.0
     │       │   └── forge-state v0.1.0
     │       │       └── forge-kernel v0.1.0
     │       │           └── forge-cli v0.1.0
     │       └── sqlx-sqlite v0.9.0
     │           └── sqlx v0.9.0 (*)
     └── referencing v0.57.0
         └── jsonschema v0.57.0
             └── forge-contracts v0.1.0
                 ├── forge-cli v0.1.0 (*)
                 └── forge-kernel v0.1.0 (*)

warning[duplicate]: found 2 duplicate entries for crate 'syn'
    ┌─ C:\Users\csn19\AppData\Local\Temp\forge-c03-correction-5e4fd5d/Cargo.lock:142:1
    │
142 │ ╭ syn 2.0.119 registry+https://github.com/rust-lang/crates.io-index
143 │ │ syn 3.0.6 registry+https://github.com/rust-lang/crates.io-index
    │ ╰───────────────────────────────────────────────────────────────┘ lock entries
    │
    ├ syn v2.0.119
      ├── strum_macros v0.28.0
      │   └── strum v0.28.0
      │       └── jsonschema v0.57.0
      │           └── forge-contracts v0.1.0
      │               ├── forge-cli v0.1.0
      │               └── forge-kernel v0.1.0
      │                   └── forge-cli v0.1.0 (*)
      └── tracing-attributes v0.1.31
          └── tracing v0.1.44
              ├── sqlx-core v0.9.0
              │   ├── sqlx v0.9.0
              │   │   └── forge-state v0.1.0
              │   │       └── forge-kernel v0.1.0 (*)
              │   └── sqlx-sqlite v0.9.0
              │       └── sqlx v0.9.0 (*)
              └── sqlx-sqlite v0.9.0 (*)
    ├ syn v3.0.6
      ├── displaydoc v0.2.7
      │   ├── icu_collections v2.3.0
      │   │   ├── icu_normalizer v2.3.0
      │   │   │   └── idna_adapter v1.2.2
      │   │   │       └── idna v1.1.0
      │   │   │           └── url v2.5.8
      │   │   │               ├── sqlx-core v0.9.0
      │   │   │               │   ├── sqlx v0.9.0
      │   │   │               │   │   └── forge-state v0.1.0
      │   │   │               │   │       └── forge-kernel v0.1.0
      │   │   │               │   │           └── forge-cli v0.1.0
      │   │   │               │   └── sqlx-sqlite v0.9.0
      │   │   │               │       └── sqlx v0.9.0 (*)
      │   │   │               └── sqlx-sqlite v0.9.0 (*)
      │   │   └── icu_properties v2.3.0
      │   │       └── idna_adapter v1.2.2 (*)
      │   ├── icu_locale_core v2.3.0
      │   │   ├── icu_properties v2.3.0 (*)
      │   │   └── icu_provider v2.3.1
      │   │       ├── icu_normalizer v2.3.0 (*)
      │   │       └── icu_properties v2.3.0 (*)
      │   ├── icu_properties v2.3.0 (*)
      │   ├── icu_provider v2.3.1 (*)
      │   ├── tinystr v0.8.4
      │   │   └── icu_locale_core v2.3.0 (*)
      │   └── zerotrie v0.2.5
      │       ├── icu_properties v2.3.0 (*)
      │       └── icu_provider v2.3.1 (*)
      ├── ref-cast-impl v1.0.27
      │   └── ref-cast v1.0.27
      │       └── fluent-uri v0.4.1
      │           └── referencing v0.57.0
      │               └── jsonschema v0.57.0
      │                   └── forge-contracts v0.1.0
      │                       ├── forge-cli v0.1.0 (*)
      │                       └── forge-kernel v0.1.0 (*)
      ├── serde_derive v1.0.229
      │   └── serde v1.0.229
      │       ├── ahash v0.8.12
      │       │   ├── jsonschema v0.57.0 (*)
      │       │   ├── jsonschema-value v0.57.0
      │       │   │   └── jsonschema v0.57.0 (*)
      │       │   └── referencing v0.57.0 (*)
      │       ├── email_address v0.2.9
      │       │   └── jsonschema v0.57.0 (*)
      │       ├── fluent-uri v0.4.1 (*)
      │       ├── forge-contracts v0.1.0 (*)
      │       ├── forge-kernel v0.1.0 (*)
      │       ├── forge-state v0.1.0 (*)
      │       └── jsonschema v0.57.0 (*)
      ├── synstructure v0.14.0
      │   ├── yoke-derive v0.8.3
      │   │   └── yoke v0.8.3
      │   │       ├── icu_collections v2.3.0 (*)
      │   │       ├── icu_provider v2.3.1 (*)
      │   │       ├── zerotrie v0.2.5 (*)
      │   │       └── zerovec v0.11.8
      │   │           ├── icu_collections v2.3.0 (*)
      │   │           ├── icu_locale_core v2.3.0 (*)
      │   │           ├── icu_normalizer v2.3.0 (*)
      │   │           ├── icu_properties v2.3.0 (*)
      │   │           ├── icu_provider v2.3.1 (*)
      │   │           ├── potential_utf v0.1.6
      │   │           │   └── icu_collections v2.3.0 (*)
      │   │           └── tinystr v0.8.4 (*)
      │   └── zerofrom-derive v0.1.8
      │       └── zerofrom v0.1.8
      │           ├── icu_collections v2.3.0 (*)
      │           ├── icu_provider v2.3.1 (*)
      │           ├── yoke v0.8.3 (*)
      │           ├── zerotrie v0.2.5 (*)
      │           └── zerovec v0.11.8 (*)
      ├── thiserror-impl v2.0.20
      │   └── thiserror v2.0.20
      │       ├── forge-contracts v0.1.0 (*)
      │       ├── forge-kernel v0.1.0 (*)
      │       ├── forge-state v0.1.0 (*)
      │       ├── sqlx-core v0.9.0 (*)
      │       └── sqlx-sqlite v0.9.0 (*)
      ├── tokio-macros v2.7.2
      │   └── tokio v1.53.1
      │       ├── forge-kernel v0.1.0 (*)
      │       ├── forge-state v0.1.0 (*)
      │       ├── sqlx-core v0.9.0 (*)
      │       └── tokio-stream v0.1.19
      │           └── sqlx-core v0.9.0 (*)
      ├── wasm-bindgen-macro-support v0.2.128
      │   └── wasm-bindgen-macro v0.2.128
      │       └── wasm-bindgen v0.2.128
      │           ├── getrandom v0.3.4
      │           │   ├── ahash v0.8.12 (*)
      │           │   ├── jsonschema v0.57.0 (*)
      │           │   ├── jsonschema-value v0.57.0 (*)
      │           │   ├── rand_core v0.9.5
      │           │   │   ├── rand v0.9.5
      │           │   │   │   └── proptest v1.11.0
      │           │   │   │       └── (dev) forge-kernel v0.1.0 (*)
      │           │   │   ├── rand_chacha v0.9.0
      │           │   │   │   └── proptest v1.11.0 (*)
      │           │   │   └── rand_xorshift v0.4.0
      │           │   │       └── proptest v1.11.0 (*)
      │           │   └── referencing v0.57.0 (*)
      │           └── js-sys v0.3.105
      │               └── getrandom v0.3.4 (*)
      ├── yoke-derive v0.8.3 (*)
      ├── zerofrom-derive v0.1.8 (*)
      └── zerovec-derive v0.11.6
          └── zerovec v0.11.8 (*)

advisories ok, bans ok, licenses ok, sources ok
